// Jest Snapshot v1, https://goo.gl/fbAQLP

exports[`components/Mobsters renders 1`] = `
<div
  class="wrap"
>
  <div>
    <div>
      <div
        class="headerWrap"
      >
        <h4>
          Mobsters
        </h4>
        <span
          class="editLabel"
        >
          <span>
            Redigera
          </span>
        </span>
        <input
          alt="Edit mobsters"
          class="editButton"
          data-e2e="mobsters-edit-button"
          data-testid="mobsters-edit-button"
          src="test-file-stub"
          type="image"
        />
      </div>
    </div>
    <ul>
      <div
        class="droppableWrap"
        data-react-beautiful-dnd-droppable="0"
        style="background-color: rgb(17, 6, 54);"
      >
        <ul>
          <li
            aria-roledescription="Draggable item. Press space bar to lift"
            class="mobster"
            data-react-beautiful-dnd-drag-handle="0"
            data-react-beautiful-dnd-draggable="0"
            draggable="false"
            tabindex="0"
          >
            <div
              class="avatarWrap"
            >
              <img
                alt="Active 1 Name"
                class="avatar"
                src="https://avatars1.githubusercontent.com/u/test"
              />
              <span
                class="driverDot"
              />
            </div>
            <div>
              <p
                class="name"
                data-e2e="mobsterslist-name-0"
                data-testid="mobsterslist-name-0"
              >
                Active 1 Name
              </p>
              <p
                class="githubName"
                data-testid="mobsterslist-githubName-0"
              >
                Active 1 Githubname
              </p>
            </div>
          </li>
          <li
            aria-roledescription="Draggable item. Press space bar to lift"
            class="mobster"
            data-react-beautiful-dnd-drag-handle="0"
            data-react-beautiful-dnd-draggable="0"
            draggable="false"
            tabindex="0"
          >
            <div
              class="avatarWrap"
            >
              <img
                alt="Active 2 Name"
                class="avatar"
                src="test-file-stub"
              />
              <span
                class="navigatorDot"
              />
            </div>
            <div>
              <p
                class="name"
                data-e2e="mobsterslist-name-1"
                data-testid="mobsterslist-name-1"
              >
                Active 2 Name
              </p>
              <p
                class="githubName"
                data-testid="mobsterslist-githubName-1"
              />
            </div>
          </li>
        </ul>
      </div>
    </ul>
    <h4>
      Inaktiva mobsters
    </h4>
    <ul>
      <div
        class="droppableWrap"
        data-react-beautiful-dnd-droppable="0"
        style="background-color: rgb(17, 6, 54);"
      >
        <ul>
          <li
            aria-roledescription="Draggable item. Press space bar to lift"
            class="mobster"
            data-react-beautiful-dnd-drag-handle="0"
            data-react-beautiful-dnd-draggable="0"
            draggable="false"
            tabindex="0"
          >
            <div
              class="avatarWrap"
            >
              <img
                alt="Inactive 2 Name"
                class="avatar"
                src="https://avatars1.githubusercontent.com/u/inactivetest"
              />
            </div>
            <div>
              <p
                class="name"
                data-e2e="mobsterslist-name-0"
                data-testid="mobsterslist-name-0"
              >
                Inactive 2 Name
              </p>
              <p
                class="githubName"
                data-testid="mobsterslist-githubName-0"
              >
                Inactive 1 Githubname
              </p>
            </div>
          </li>
          <li
            aria-roledescription="Draggable item. Press space bar to lift"
            class="mobster"
            data-react-beautiful-dnd-drag-handle="0"
            data-react-beautiful-dnd-draggable="0"
            draggable="false"
            tabindex="0"
          >
            <div
              class="avatarWrap"
            >
              <img
                alt="Inactive 2 Name"
                class="avatar"
                src="test-file-stub"
              />
            </div>
            <div>
              <p
                class="name"
                data-e2e="mobsterslist-name-1"
                data-testid="mobsterslist-name-1"
              >
                Inactive 2 Name
              </p>
              <p
                class="githubName"
                data-testid="mobsterslist-githubName-1"
              />
            </div>
          </li>
        </ul>
      </div>
    </ul>
  </div>
  <div
    class="addWrap"
  >
    <img
      alt="Default avatar"
      class="avatar"
      src="test-file-stub"
    />
    <div>
      <div
        class="inputWrap"
      >
        <input
          class="userInput"
          data-e2e="mobsters-add-input"
          placeholder="Lägg till mobster"
          value=""
        />
        <input
          alt="Add user as guest"
          class="addButton"
          data-e2e="mobsters-add-by-name"
          disabled=""
          src="test-file-stub"
          type="image"
        />
        <input
          alt="Add user from GitHub"
          class="addButton"
          data-e2e="mobsters-add-by-github-username"
          disabled=""
          src="test-file-stub"
          type="image"
        />
      </div>
      <p
        class="githubName"
      >
        <span>
          Skriv namn eller GitHub-användarnamn
        </span>
      </p>
    </div>
  </div>
</div>
`;
