// Jest Snapshot v1, https://goo.gl/fbAQLP

exports[`components/Settings/SettingsToggle renders 1`] = `
<ul
  class="wrapper"
>
  <li
    class="option"
  >
    <button
      class="button"
      data-e2e="settings-toggle-sv"
      style="color: rgb(255, 255, 255);"
      type="button"
    >
      Svenska
    </button>
  </li>
  <li
    class="option"
  >
    <button
      class="button"
      data-e2e="settings-toggle-en"
      style="color: rgb(255, 255, 255);"
      type="button"
    >
      English
    </button>
  </li>
</ul>
`;
